[www.ibis-styles-dubai-airport.com/rooms/standard-king/index.html]
[backblue.gif]
[fade.gif]
[index.html]
[www.ibis-styles-dubai-airport.com/wp-content/plugins/accor-admin-customizations/js/aria.min.js]
[www.ibis-styles-dubai-airport.com/wp-content/themes/ibis-style-template/images/favicon/apple-touch-icon.png]
[www.ibis-styles-dubai-airport.com/wp-content/themes/ibis-style-template/images/favicon/favicon-32x32.png]
[www.ibis-styles-dubai-airport.com/wp-content/themes/ibis-style-template/images/favicon/favicon-16x16.png]
[www.ibis-styles-dubai-airport.com/wp-content/themes/ibis-style-template/images/logo/logo-ibis-styles.png]
[dq5r178u4t83b.cloudfront.net/wp-content/uploads/sites/161/2021/07/01154618/Standard-Double-Bed_1-724x357.jpg]
[dq5r178u4t83b.cloudfront.net/wp-content/uploads/sites/161/2021/07/01154618/Standard-Double-Bed_1.jpg]
[dq5r178u4t83b.cloudfront.net/wp-content/uploads/sites/161/2021/07/01162743/5337-371-724x357.jpg]
[dq5r178u4t83b.cloudfront.net/wp-content/uploads/sites/161/2021/07/01162743/5337-371.jpg]
[code.jquery.com/ui/1.9.2/themes/base/jquery-ui9d52.css]
[staticaws.fbwebprogram.com/accor_tracking_decorator/decorator.js]
[www.ibis-styles-dubai-airport.com/wp-content/themes/ibis-style-template/js/jquery-ui.mine899.js]
[www.ibis-styles-dubai-airport.com/wp-content/themes/ibis-style-template/js/jquery.ui.datepicker.min2c00.js]
[www.ibis-styles-dubai-airport.com/wp-content/plugins/accor-booking/js/booking.mind41d.js]
[cdnjs.cloudflare.com/ajax/libs/jquery/1.8.3/jquery.min4511.js]
[www.ibis-styles-dubai-airport.com/wp-content/themes/ibis-style-template/js/jquery.cycle2.mind41d.js]
[ajax.googleapis.com/ajax/libs/webfont/1.5.10/webfontd41d.js]
[www.ibis-styles-dubai-airport.com/wp-content/themes/ibis-style-template/js/jquery.fancybox.pack6b25.js]
[www.ibis-styles-dubai-airport.com/wp-content/themes/ibis-style-template/js/jquery.resizeCenterd41d.js]
[www.ibis-styles-dubai-airport.com/wp-content/themes/ibis-style-template/js/i18n/jquery.ui.datepicker-en2c00.js]
[www.ibis-styles-dubai-airport.com/wp-content/themes/ibis-style-template/js/functiond41d.js]
[www.ibis-styles-dubai-airport.com/rooms/standard-king/index.html]
[code.jquery.com/ui/1.9.2/themes/base/images/ui-bg_flat_75_ffffff_40x100.png]
[code.jquery.com/ui/1.9.2/themes/base/images/ui-bg_highlight-soft_75_cccccc_1x100.png]
[code.jquery.com/ui/1.9.2/themes/base/images/ui-bg_glass_75_e6e6e6_1x400.png]
[code.jquery.com/ui/1.9.2/themes/base/images/ui-bg_glass_75_dadada_1x400.png]
[code.jquery.com/ui/1.9.2/themes/base/images/ui-bg_glass_65_ffffff_1x400.png]
[code.jquery.com/ui/1.9.2/themes/base/images/ui-bg_glass_55_fbf9ee_1x400.png]
[code.jquery.com/ui/1.9.2/themes/base/images/ui-bg_glass_95_fef1ec_1x400.png]
[code.jquery.com/ui/1.9.2/themes/base/images/ui-icons_222222_256x240.png]
[code.jquery.com/ui/1.9.2/themes/base/images/ui-icons_888888_256x240.png]
[code.jquery.com/ui/1.9.2/themes/base/images/ui-icons_454545_256x240.png]
[code.jquery.com/ui/1.9.2/themes/base/images/ui-icons_2e83ff_256x240.png]
[code.jquery.com/ui/1.9.2/themes/base/images/ui-icons_cd0a0a_256x240.png]
[code.jquery.com/ui/1.9.2/themes/base/images/ui-bg_flat_0_aaaaaa_40x100.png]
[code.jquery.com/ui/1.9.2/themes/base/jquery-ui9d52.css]
[www.ibis-styles-dubai-airport.com/wp-content/themes/ibis-style-template/css/reset.css]
[www.ibis-styles-dubai-airport.com/wp-content/themes/ibis-style-template/images/fancybox/fancybox_sprite.png]
[www.ibis-styles-dubai-airport.com/wp-content/themes/ibis-style-template/images/fancybox/fancybox_loading.gif]
[www.ibis-styles-dubai-airport.com/wp-content/themes/ibis-style-template/images/fancybox/blank.gif]
[www.ibis-styles-dubai-airport.com/wp-content/themes/ibis-style-template/images/fancybox/fancybox_overlay.png]
[www.ibis-styles-dubai-airport.com/wp-content/themes/ibis-style-template/css/jquery.fancybox.css]
[www.ibis-styles-dubai-airport.com/wp-content/themes/ibis-style-template/css/fonts/Cocon-bold.2c.delayed]
[www.ibis-styles-dubai-airport.com/wp-content/themes/ibis-style-template/css/fonts/Cocon-bold.2d.delayed]
[www.ibis-styles-dubai-airport.com/wp-content/themes/ibis-style-template/css/fonts/Cocon-Regulard41d.eot]
[www.ibis-styles-dubai-airport.com/wp-content/themes/ibis-style-template/css/fonts/cocon-regular.woff2]
[www.ibis-styles-dubai-airport.com/wp-content/themes/ibis-style-template/css/fonts/cocon-regular.woff]
[www.ibis-styles-dubai-airport.com/wp-content/themes/ibis-style-template/css/fonts/Cocon-Regular.ttf]
[www.ibis-styles-dubai-airport.com/wp-content/themes/ibis-style-template/css/fonts/Gotham-Book.eot]
[www.ibis-styles-dubai-airport.com/wp-content/themes/ibis-style-template/css/fonts/Gotham-Bookd41d.eot]
[www.ibis-styles-dubai-airport.com/wp-content/themes/ibis-style-template/css/fonts/Gotham-Book.woff2]
[www.ibis-styles-dubai-airport.com/wp-content/themes/ibis-style-template/css/fonts/Gotham-Book.woff]
[www.ibis-styles-dubai-airport.com/wp-content/themes/ibis-style-template/css/fonts/Gotham-Book.ttf]
[www.ibis-styles-dubai-airport.com/wp-content/themes/ibis-style-template/images/close.png]
[www.ibis-styles-dubai-airport.com/wp-content/themes/ibis-style-template/images/main_slideshow_next.png]
[www.ibis-styles-dubai-airport.com/wp-content/themes/ibis-style-template/images/main_slideshow_prev.png]
[www.ibis-styles-dubai-airport.com/wp-content/themes/ibis-style-template/images/spinner.png]
[www.ibis-styles-dubai-airport.com/wp-content/themes/ibis-style-template/img/arrow-left.3c.delayed]
[www.ibis-styles-dubai-airport.com/wp-content/themes/ibis-style-template/img/arrow-right.3d.delayed]
[maps.gstatic.com/mapfiles/place_api/icons/museum-71.png]
[maps.gstatic.com/mapfiles/place_api/icons/generic_business-71.png]
[maps.gstatic.com/mapfiles/place_api/icons/airport-71.png]
[maps.gstatic.com/mapfiles/place_api/icons/restaurant-71.png]
[maps.gstatic.com/mapfiles/place_api/icons/train-71.png]
[maps.gstatic.com/tactile/directions/omnibox/directions-1x-20150929.png]
[www.ibis-styles-dubai-airport.com/wp-content/themes/ibis-style-template/images/datepicker.png]
[www.ibis-styles-dubai-airport.com/wp-content/themes/ibis-style-template/images/virtual-tour-icon.png]
[www.ibis-styles-dubai-airport.com/wp-content/themes/ibis-style-template/css/custom.css]
[www.ibis-styles-dubai-airport.com/wp-content/themes/ibis-style-dubai-airport/css/custom.css]
[www.googletagmanager.com/gtm5445.html]
[www.ibis-styles-dubai-airport.com/wp-content/plugins/accor-admin-customizations/css/breadcrumb/ibis-style-template.css]
[www.ibis-styles-dubai-airport.com/wp-content/themes/ibis-style-template/css/fonts/Cocon-bold.html]
[www.ibis-styles-dubai-airport.com/wp-content/themes/ibis-style-template/css/fonts/Cocon-bold-2.html]
[www.ibis-styles-dubai-airport.com/wp-content/themes/ibis-style-template/css/fonts/Cocon-Regular.svg]
[www.ibis-styles-dubai-airport.com/wp-content/themes/ibis-style-template/img/arrow-left.html]
[www.ibis-styles-dubai-airport.com/wp-content/themes/ibis-style-template/img/arrow-right.html]
